// Jest Snapshot v1, https://goo.gl/fbAQLP

exports[`Pagination Should render correctly 1`] = `
<div
  class="tss-pjh3kl-Pagination-root"
>
  <div
    class="tss-bd6lsj-ListOptionSelector-root-Pagination-itemsPerPage"
  >
    <span
      class="tss-5-Typography-weightRegular-ref tss-3ton9f-Typography-root-Typography-weightRegular-ListOptionSelector-label-Typography-body500"
    />
    <div
      class="tss-1kammvl-Surface-root-Button-surface"
    >
      <div
        class="tss-pyz8vm-SpinnerWithBackdrop-root"
      >
        <div
          class=""
        >
          <button
            class="MuiButton-root MuiButton-text MuiButton-textPrimary MuiButton-sizeMedium MuiButton-textSizeMedium MuiButton-disableElevation MuiButtonBase-root tss-3-Button-variantLink-ref tss-3-Button-linkTypePrimary-ref tss-8544pl-Button-root-Button-variantLink-Button-linkTypePrimary-ListOptionSelector-value mui-10gi7f1-MuiButtonBase-root-MuiButton-root"
            tabindex="0"
            type="button"
          >
            10
            <span
              class="tss-1gywngm-Button-endIcon MuiButton-endIcon MuiButton-iconSizeMedium mui-9dzbxy-MuiButton-endIcon"
            >
              <div
                class="tss-4fpoey-Icon-root-Icon-sizeSm"
              >
                <svg
                  aria-hidden="true"
                  class="MuiSvgIcon-root MuiSvgIcon-fontSizeMedium mui-i4bv87-MuiSvgIcon-root"
                  color="inherit"
                  focusable="false"
                  viewBox="0 0 24 24"
                >
                  angleDown.svg
                </svg>
              </div>
            </span>
          </button>
        </div>
      </div>
    </div>
  </div>
  <nav
    aria-label="pagination navigation"
    class="MuiPagination-root MuiPagination-text mui-1oj2twp-MuiPagination-root"
  >
    <ul
      class="tss-1lziobi-Pagination-list MuiPagination-ul mui-wjh20t-MuiPagination-ul"
    >
      <li>
        <div>
          <button
            aria-label="Go to previous page"
            class="MuiButtonBase-root tss-1bnvnij-ButtonBase-root-ButtonBase-focusOut-IconButton-root-PaginationItem-arrowButton mui-10d1a0h-MuiButtonBase-root"
            tabindex="0"
            type="button"
          >
            <div
              class="tss-w1sjks-Icon-root-Icon-sizeMd"
            >
              <svg
                aria-hidden="true"
                class="MuiSvgIcon-root MuiSvgIcon-fontSizeMedium mui-i4bv87-MuiSvgIcon-root"
                color="inherit"
                focusable="false"
                viewBox="0 0 24 24"
              >
                angleLeft.svg
              </svg>
            </div>
          </button>
        </div>
      </li>
      <li>
        <div>
          <div
            class="tss-1kammvl-Surface-root-Button-surface"
          >
            <div
              class="tss-pyz8vm-SpinnerWithBackdrop-root"
            >
              <div
                class=""
              >
                <button
                  aria-label="Go to page 1"
                  class="MuiButton-root MuiButton-text MuiButton-textPrimary MuiButton-sizeMedium MuiButton-textSizeMedium MuiButton-disableElevation MuiButtonBase-root tss-3-Button-variantLink-ref tss-3-Button-linkTypeDefault-ref tss-1mri05j-Button-root-Button-variantLink-Button-linkTypeDefault-PaginationItem-page-PaginationItem-linkButton mui-10gi7f1-MuiButtonBase-root-MuiButton-root"
                  tabindex="0"
                  type="button"
                >
                  1
                </button>
              </div>
            </div>
          </div>
        </div>
      </li>
      <li>
        <div>
          <div
            class="tss-1bm80c1-Surface-root-Button-surface"
          >
            <div
              class="tss-pyz8vm-SpinnerWithBackdrop-root"
            >
              <div
                class=""
              >
                <button
                  aria-current="true"
                  aria-label="page 2"
                  class="MuiButton-root MuiButton-text MuiButton-textPrimary MuiButton-sizeMedium MuiButton-textSizeMedium MuiButton-disableElevation MuiButtonBase-root tss-6qgwg1-Button-root-Button-sizeMd-Button-button-PaginationItem-page mui-10gi7f1-MuiButtonBase-root-MuiButton-root"
                  tabindex="0"
                  type="button"
                >
                  2
                </button>
              </div>
            </div>
          </div>
        </div>
      </li>
      <li>
        <div>
          <div
            class="tss-1kammvl-Surface-root-Button-surface"
          >
            <div
              class="tss-pyz8vm-SpinnerWithBackdrop-root"
            >
              <div
                class=""
              >
                <button
                  aria-label="Go to page 3"
                  class="MuiButton-root MuiButton-text MuiButton-textPrimary MuiButton-sizeMedium MuiButton-textSizeMedium MuiButton-disableElevation MuiButtonBase-root tss-3-Button-variantLink-ref tss-3-Button-linkTypeDefault-ref tss-1mri05j-Button-root-Button-variantLink-Button-linkTypeDefault-PaginationItem-page-PaginationItem-linkButton mui-10gi7f1-MuiButtonBase-root-MuiButton-root"
                  tabindex="0"
                  type="button"
                >
                  3
                </button>
              </div>
            </div>
          </div>
        </div>
      </li>
      <li>
        <div>
          <button
            aria-label="Go to next page"
            class="MuiButtonBase-root tss-1bnvnij-ButtonBase-root-ButtonBase-focusOut-IconButton-root-PaginationItem-arrowButton mui-10d1a0h-MuiButtonBase-root"
            tabindex="0"
            type="button"
          >
            <div
              class="tss-w1sjks-Icon-root-Icon-sizeMd"
            >
              <svg
                aria-hidden="true"
                class="MuiSvgIcon-root MuiSvgIcon-fontSizeMedium mui-i4bv87-MuiSvgIcon-root"
                color="inherit"
                focusable="false"
                viewBox="0 0 24 24"
              >
                angleRight.svg
              </svg>
            </div>
          </button>
        </div>
      </li>
    </ul>
  </nav>
</div>
`;
