// Jest Snapshot v1, https://goo.gl/fbAQLP

exports[`Alert should render correctly 1`] = `
<div
  class="MuiCollapse-root MuiCollapse-vertical MuiCollapse-entered mui-pwcg7p-MuiCollapse-root"
  style="min-height: 0px;"
>
  <div
    class="MuiCollapse-wrapper MuiCollapse-vertical mui-smkl36-MuiCollapse-wrapper"
  >
    <div
      class="MuiCollapse-wrapperInner MuiCollapse-vertical mui-9l5vo-MuiCollapse-wrapperInner"
    >
      <div
        class="tss-i0v2ei-Surface-root"
      >
        <div
          class="MuiPaper-root MuiPaper-elevation MuiPaper-rounded MuiPaper-elevation0 MuiAlert-root MuiAlert-standardInfo MuiAlert-standard tss-8rfudm-Alert-root mui-ig7n8t-MuiPaper-root-MuiAlert-root"
          role="alert"
        >
          <div
            class="tss-13p8oay-Alert-icon tss-5-Alert-icon-ref MuiAlert-icon mui-1ytlwq5-MuiAlert-icon"
          >
            <div
              class="tss-w1sjks-Icon-root-Icon-sizeMd"
            >
              <svg
                aria-hidden="true"
                class="MuiSvgIcon-root MuiSvgIcon-fontSizeMedium mui-i4bv87-MuiSvgIcon-root"
                color="inherit"
                focusable="false"
                viewBox="0 0 24 24"
              >
                infoCircle.svg
              </svg>
            </div>
          </div>
          <div
            class="tss-1c1sssm-Alert-message MuiAlert-message mui-acap47-MuiAlert-message"
          >
            <div
              class="tss-3-Typography-weightRegular-ref tss-1n3cm1e-Typography-root-Typography-weightRegular-Typography-body500"
            >
              an example alert message
            </div>
          </div>
        </div>
      </div>
    </div>
  </div>
</div>
`;
