// Jest Snapshot v1, https://goo.gl/fbAQLP

exports[`FlagIcon Should render correctly 1`] = `
<div
  class="tss-14wh478-FlagIcon-flag"
>
  <svg
    viewBox="0 0 513 342"
    xmlns="http://www.w3.org/2000/svg"
  >
    <title>
      Belgium
    </title>
    <path
      d="M0 0h513v342H0z"
      fill="#fdda25"
    />
    <path
      d="M0 0h171v342H0z"
    />
    <path
      d="M342 0h171v342H342z"
      fill="#ef3340"
    />
  </svg>
</div>
`;
